{"lvl":"info","msg":"Flag --region has been deprecated, ngrok automatically chooses the region with lowest latency","t":"2026-07-25T15:02:10.7932543+07:00"}
{"lvl":"info","msg":"no configuration paths supplied","t":"2026-07-25T15:02:10.9082033+07:00"}
{"lvl":"info","msg":"using configuration at default config path","path":"C:\\Users\\ptn_z\\AppData\\Local\\ngrok\\ngrok.yml","t":"2026-07-25T15:02:10.9082033+07:00"}
{"err":"\u003cnil\u003e","lvl":"info","msg":"open config file","path":"C:\\Users\\ptn_z\\AppData\\Local\\ngrok\\ngrok.yml","t":"2026-07-25T15:02:10.9082033+07:00"}
{"enabled":false,"lvl":"info","msg":"FIPS 140 mode","t":"2026-07-25T15:02:10.9110128+07:00"}
{"addr":"127.0.0.1:4040","allow_hosts":null,"lvl":"info","msg":"starting web service","obj":"web","t":"2026-07-25T15:02:11.1471415+07:00"}
{"id":"c33d5df2395eb5c2","lvl":"info","msg":"start","pg":"/api/tunnels","t":"2026-07-25T15:02:19.6447894+07:00"}
{"dur":"0s","id":"c33d5df2395eb5c2","lvl":"info","msg":"end","pg":"/api/tunnels","status":200,"t":"2026-07-25T15:02:19.6447894+07:00"}
{"id":"80f031bf56a23f2e","lvl":"info","msg":"start","pg":"/api/tunnels","t":"2026-07-25T15:02:20.7749541+07:00"}
{"dur":"0s","id":"80f031bf56a23f2e","lvl":"info","msg":"end","pg":"/api/tunnels","status":200,"t":"2026-07-25T15:02:20.7749541+07:00"}
{"err":"failed to send authentication request: EOF","lvl":"eror","msg":"failed to reconnect session","obj":"tunnels.session","t":"2026-07-25T15:02:21.3522893+07:00"}
{"id":"302e6cf9a0d38259","lvl":"info","msg":"start","pg":"/api/tunnels","t":"2026-07-25T15:02:21.7818346+07:00"}
{"dur":"0s","id":"302e6cf9a0d38259","lvl":"info","msg":"end","pg":"/api/tunnels","status":200,"t":"2026-07-25T15:02:21.7818346+07:00"}
{"id":"cf96b7a7dd1e2f41","lvl":"info","msg":"start","pg":"/api/tunnels","t":"2026-07-25T15:02:22.797514+07:00"}
{"dur":"0s","id":"cf96b7a7dd1e2f41","lvl":"info","msg":"end","pg":"/api/tunnels","status":200,"t":"2026-07-25T15:02:22.797514+07:00"}
{"id":"c25bab64dbf0cb45","lvl":"info","msg":"start","pg":"/api/tunnels","t":"2026-07-25T15:02:23.8142523+07:00"}
{"dur":"0s","id":"c25bab64dbf0cb45","lvl":"info","msg":"end","pg":"/api/tunnels","status":200,"t":"2026-07-25T15:02:23.8142523+07:00"}
{"id":"082872daf631c539","lvl":"info","msg":"start","pg":"/api/tunnels","t":"2026-07-25T15:02:24.8290343+07:00"}
{"dur":"728.4µs","id":"082872daf631c539","lvl":"info","msg":"end","pg":"/api/tunnels","status":200,"t":"2026-07-25T15:02:24.8297627+07:00"}
{"id":"e3a545350da1d596","lvl":"info","msg":"start","pg":"/api/tunnels","t":"2026-07-25T15:02:25.8414974+07:00"}
{"dur":"0s","id":"e3a545350da1d596","lvl":"info","msg":"end","pg":"/api/tunnels","status":200,"t":"2026-07-25T15:02:25.8414974+07:00"}
{"id":"2076d6a4091c39c0","lvl":"info","msg":"start","pg":"/api/tunnels","t":"2026-07-25T15:02:26.8575639+07:00"}
{"dur":"0s","id":"2076d6a4091c39c0","lvl":"info","msg":"end","pg":"/api/tunnels","status":200,"t":"2026-07-25T15:02:26.8575639+07:00"}
{"id":"e270772a73f7a9b2","lvl":"info","msg":"start","pg":"/api/tunnels","t":"2026-07-25T15:02:27.8681379+07:00"}
{"dur":"0s","id":"e270772a73f7a9b2","lvl":"info","msg":"end","pg":"/api/tunnels","status":200,"t":"2026-07-25T15:02:27.8681379+07:00"}
{"id":"d328c210d8841a38","lvl":"info","msg":"start","pg":"/api/tunnels","t":"2026-07-25T15:02:28.8825837+07:00"}
{"dur":"0s","id":"d328c210d8841a38","lvl":"info","msg":"end","pg":"/api/tunnels","status":200,"t":"2026-07-25T15:02:28.8825837+07:00"}
{"id":"f2fcfcfed414288f","lvl":"info","msg":"start","pg":"/api/tunnels","t":"2026-07-25T15:02:29.8951749+07:00"}
{"dur":"0s","id":"f2fcfcfed414288f","lvl":"info","msg":"end","pg":"/api/tunnels","status":200,"t":"2026-07-25T15:02:29.8951749+07:00"}
{"id":"17e574c63792b483","lvl":"info","msg":"start","pg":"/api/tunnels","t":"2026-07-25T15:02:30.9017027+07:00"}
{"dur":"0s","id":"17e574c63792b483","lvl":"info","msg":"end","pg":"/api/tunnels","status":200,"t":"2026-07-25T15:02:30.9017027+07:00"}
{"id":"94085ff80d5fc4e7","lvl":"info","msg":"start","pg":"/api/tunnels","t":"2026-07-25T15:02:31.9153657+07:00"}
{"dur":"0s","id":"94085ff80d5fc4e7","lvl":"info","msg":"end","pg":"/api/tunnels","status":200,"t":"2026-07-25T15:02:31.9153657+07:00"}
{"err":"failed to send authentication request: EOF","lvl":"eror","msg":"failed to reconnect session","obj":"tunnels.session","t":"2026-07-25T15:02:31.9878839+07:00"}
{"id":"18bfcf5164204f5f","lvl":"info","msg":"start","pg":"/api/tunnels","t":"2026-07-25T15:02:32.9323157+07:00"}
{"dur":"0s","id":"18bfcf5164204f5f","lvl":"info","msg":"end","pg":"/api/tunnels","status":200,"t":"2026-07-25T15:02:32.9323157+07:00"}
{"id":"ad4ca318c8fc9761","lvl":"info","msg":"start","pg":"/api/tunnels","t":"2026-07-25T15:02:33.9467832+07:00"}
{"dur":"0s","id":"ad4ca318c8fc9761","lvl":"info","msg":"end","pg":"/api/tunnels","status":200,"t":"2026-07-25T15:02:33.9467832+07:00"}
{"id":"c6ab744a01d77b8f","lvl":"info","msg":"start","pg":"/api/tunnels","t":"2026-07-25T15:02:34.9632922+07:00"}
{"dur":"0s","id":"c6ab744a01d77b8f","lvl":"info","msg":"end","pg":"/api/tunnels","status":200,"t":"2026-07-25T15:02:34.9632922+07:00"}
{"id":"8e744abb49f54d7e","lvl":"info","msg":"start","pg":"/api/tunnels","t":"2026-07-25T15:02:35.9785342+07:00"}
{"dur":"0s","id":"8e744abb49f54d7e","lvl":"info","msg":"end","pg":"/api/tunnels","status":200,"t":"2026-07-25T15:02:35.9785342+07:00"}
{"id":"c0be74469b52316b","lvl":"info","msg":"start","pg":"/api/tunnels","t":"2026-07-25T15:02:36.9860351+07:00"}
{"dur":"0s","id":"c0be74469b52316b","lvl":"info","msg":"end","pg":"/api/tunnels","status":200,"t":"2026-07-25T15:02:36.9860351+07:00"}
{"id":"2b6766582f97eb35","lvl":"info","msg":"start","pg":"/api/tunnels","t":"2026-07-25T15:02:38.001092+07:00"}
{"dur":"0s","id":"2b6766582f97eb35","lvl":"info","msg":"end","pg":"/api/tunnels","status":200,"t":"2026-07-25T15:02:38.001092+07:00"}
{"id":"03f2bf75a4c68a16","lvl":"info","msg":"start","pg":"/api/tunnels","t":"2026-07-25T15:02:39.015648+07:00"}
{"dur":"0s","id":"03f2bf75a4c68a16","lvl":"info","msg":"end","pg":"/api/tunnels","status":200,"t":"2026-07-25T15:02:39.015648+07:00"}
{"id":"dd21839ab225e1c4","lvl":"info","msg":"start","pg":"/api/tunnels","t":"2026-07-25T15:02:40.0269409+07:00"}
{"dur":"0s","id":"dd21839ab225e1c4","lvl":"info","msg":"end","pg":"/api/tunnels","status":200,"t":"2026-07-25T15:02:40.0269409+07:00"}
{"id":"03efe304ffcc922e","lvl":"info","msg":"start","pg":"/api/tunnels","t":"2026-07-25T15:02:41.0302546+07:00"}
{"dur":"0s","id":"03efe304ffcc922e","lvl":"info","msg":"end","pg":"/api/tunnels","status":200,"t":"2026-07-25T15:02:41.0302546+07:00"}
{"id":"82abb7c8855ffb37","lvl":"info","msg":"start","pg":"/api/tunnels","t":"2026-07-25T15:02:42.0437541+07:00"}
{"dur":"0s","id":"82abb7c8855ffb37","lvl":"info","msg":"end","pg":"/api/tunnels","status":200,"t":"2026-07-25T15:02:42.0437541+07:00"}
{"id":"1b91730e2ebf1fad","lvl":"info","msg":"start","pg":"/api/tunnels","t":"2026-07-25T15:02:43.0570158+07:00"}
{"dur":"0s","id":"1b91730e2ebf1fad","lvl":"info","msg":"end","pg":"/api/tunnels","status":200,"t":"2026-07-25T15:02:43.0570158+07:00"}
{"err":"failed to send authentication request: EOF","lvl":"eror","msg":"failed to reconnect session","obj":"tunnels.session","t":"2026-07-25T15:02:43.1247314+07:00"}
{"id":"5904be6f755de438","lvl":"info","msg":"start","pg":"/api/tunnels","t":"2026-07-25T15:02:44.0717554+07:00"}
{"dur":"0s","id":"5904be6f755de438","lvl":"info","msg":"end","pg":"/api/tunnels","status":200,"t":"2026-07-25T15:02:44.0717554+07:00"}
{"id":"8288de4d05f5625f","lvl":"info","msg":"start","pg":"/api/tunnels","t":"2026-07-25T15:02:45.0858788+07:00"}
{"dur":"765.4µs","id":"8288de4d05f5625f","lvl":"info","msg":"end","pg":"/api/tunnels","status":200,"t":"2026-07-25T15:02:45.0866442+07:00"}
{"id":"52d9e0f74a24830d","lvl":"info","msg":"start","pg":"/api/tunnels","t":"2026-07-25T15:02:46.0957779+07:00"}
{"dur":"0s","id":"52d9e0f74a24830d","lvl":"info","msg":"end","pg":"/api/tunnels","status":200,"t":"2026-07-25T15:02:46.0957779+07:00"}
{"id":"712d67164e263cf8","lvl":"info","msg":"start","pg":"/api/tunnels","t":"2026-07-25T15:02:47.0989211+07:00"}
{"dur":"0s","id":"712d67164e263cf8","lvl":"info","msg":"end","pg":"/api/tunnels","status":200,"t":"2026-07-25T15:02:47.0989211+07:00"}
{"id":"c0ab94c411a1a413","lvl":"info","msg":"start","pg":"/api/tunnels","t":"2026-07-25T15:02:48.114352+07:00"}
{"dur":"0s","id":"c0ab94c411a1a413","lvl":"info","msg":"end","pg":"/api/tunnels","status":200,"t":"2026-07-25T15:02:48.114352+07:00"}
{"id":"90b0dfbd57256e85","lvl":"info","msg":"start","pg":"/api/tunnels","t":"2026-07-25T15:02:49.1173617+07:00"}
{"dur":"0s","id":"90b0dfbd57256e85","lvl":"info","msg":"end","pg":"/api/tunnels","status":200,"t":"2026-07-25T15:02:49.1173617+07:00"}
{"id":"65324a20ed8d7008","lvl":"info","msg":"start","pg":"/api/tunnels","t":"2026-07-25T15:02:50.1262094+07:00"}
{"dur":"0s","id":"65324a20ed8d7008","lvl":"info","msg":"end","pg":"/api/tunnels","status":200,"t":"2026-07-25T15:02:50.1262094+07:00"}
{"id":"a5cf9aff9a60aab0","lvl":"info","msg":"start","pg":"/api/tunnels","t":"2026-07-25T15:02:51.1428304+07:00"}
{"dur":"0s","id":"a5cf9aff9a60aab0","lvl":"info","msg":"end","pg":"/api/tunnels","status":200,"t":"2026-07-25T15:02:51.1428304+07:00"}
{"id":"ba7e1e0acd95f3ec","lvl":"info","msg":"start","pg":"/api/tunnels","t":"2026-07-25T15:02:52.1585887+07:00"}
{"dur":"0s","id":"ba7e1e0acd95f3ec","lvl":"info","msg":"end","pg":"/api/tunnels","status":200,"t":"2026-07-25T15:02:52.1585887+07:00"}
{"id":"c5dda00b6df67050","lvl":"info","msg":"start","pg":"/api/tunnels","t":"2026-07-25T15:02:53.1633436+07:00"}
{"dur":"0s","id":"c5dda00b6df67050","lvl":"info","msg":"end","pg":"/api/tunnels","status":200,"t":"2026-07-25T15:02:53.1633436+07:00"}
{"id":"7bd149842008e466","lvl":"info","msg":"start","pg":"/api/tunnels","t":"2026-07-25T15:02:54.1777267+07:00"}
{"dur":"0s","id":"7bd149842008e466","lvl":"info","msg":"end","pg":"/api/tunnels","status":200,"t":"2026-07-25T15:02:54.1777267+07:00"}
{"id":"759ca8487f8bbc38","lvl":"info","msg":"start","pg":"/api/tunnels","t":"2026-07-25T15:02:55.1890453+07:00"}
{"dur":"0s","id":"759ca8487f8bbc38","lvl":"info","msg":"end","pg":"/api/tunnels","status":200,"t":"2026-07-25T15:02:55.1890453+07:00"}
{"err":"failed to send authentication request: EOF","lvl":"eror","msg":"failed to reconnect session","obj":"tunnels.session","t":"2026-07-25T15:02:55.2798923+07:00"}
{"id":"ad1bddc46060e1fc","lvl":"info","msg":"start","pg":"/api/tunnels","t":"2026-07-25T15:02:56.2023127+07:00"}
{"dur":"0s","id":"ad1bddc46060e1fc","lvl":"info","msg":"end","pg":"/api/tunnels","status":200,"t":"2026-07-25T15:02:56.2023127+07:00"}
{"id":"9fb70d356408ccf3","lvl":"info","msg":"start","pg":"/api/tunnels","t":"2026-07-25T15:02:57.2035299+07:00"}
{"dur":"0s","id":"9fb70d356408ccf3","lvl":"info","msg":"end","pg":"/api/tunnels","status":200,"t":"2026-07-25T15:02:57.2035299+07:00"}
{"id":"92811e9a584f21e2","lvl":"info","msg":"start","pg":"/api/tunnels","t":"2026-07-25T15:02:58.2151172+07:00"}
{"dur":"0s","id":"92811e9a584f21e2","lvl":"info","msg":"end","pg":"/api/tunnels","status":200,"t":"2026-07-25T15:02:58.2151172+07:00"}
{"id":"db2b494184cf5fb6","lvl":"info","msg":"start","pg":"/api/tunnels","t":"2026-07-25T15:02:59.2297236+07:00"}
{"dur":"0s","id":"db2b494184cf5fb6","lvl":"info","msg":"end","pg":"/api/tunnels","status":200,"t":"2026-07-25T15:02:59.2297236+07:00"}
{"id":"43ab071936368e42","lvl":"info","msg":"start","pg":"/api/tunnels","t":"2026-07-25T15:03:00.2467046+07:00"}
{"dur":"0s","id":"43ab071936368e42","lvl":"info","msg":"end","pg":"/api/tunnels","status":200,"t":"2026-07-25T15:03:00.2467046+07:00"}
{"id":"2224bb04de17932b","lvl":"info","msg":"start","pg":"/api/tunnels","t":"2026-07-25T15:03:01.2639752+07:00"}
{"dur":"0s","id":"2224bb04de17932b","lvl":"info","msg":"end","pg":"/api/tunnels","status":200,"t":"2026-07-25T15:03:01.2639752+07:00"}
{"id":"3d3617aab064ae03","lvl":"info","msg":"start","pg":"/api/tunnels","t":"2026-07-25T15:03:02.277373+07:00"}
{"dur":"0s","id":"3d3617aab064ae03","lvl":"info","msg":"end","pg":"/api/tunnels","status":200,"t":"2026-07-25T15:03:02.277373+07:00"}
{"id":"d42abe0c514df82d","lvl":"info","msg":"start","pg":"/api/tunnels","t":"2026-07-25T15:03:03.2947926+07:00"}
{"dur":"0s","id":"d42abe0c514df82d","lvl":"info","msg":"end","pg":"/api/tunnels","status":200,"t":"2026-07-25T15:03:03.2947926+07:00"}
{"id":"8d979f268af11481","lvl":"info","msg":"start","pg":"/api/tunnels","t":"2026-07-25T15:03:04.3121525+07:00"}
{"dur":"518.5µs","id":"8d979f268af11481","lvl":"info","msg":"end","pg":"/api/tunnels","status":200,"t":"2026-07-25T15:03:04.312671+07:00"}
{"id":"e382b940e19c91ee","lvl":"info","msg":"start","pg":"/api/tunnels","t":"2026-07-25T15:03:05.3154955+07:00"}
{"dur":"0s","id":"e382b940e19c91ee","lvl":"info","msg":"end","pg":"/api/tunnels","status":200,"t":"2026-07-25T15:03:05.3154955+07:00"}
{"id":"a7f16192a8632285","lvl":"info","msg":"start","pg":"/api/tunnels","t":"2026-07-25T15:03:06.3190631+07:00"}
{"dur":"734.8µs","id":"a7f16192a8632285","lvl":"info","msg":"end","pg":"/api/tunnels","status":200,"t":"2026-07-25T15:03:06.3197979+07:00"}
{"id":"167972c9c7d22c95","lvl":"info","msg":"start","pg":"/api/tunnels","t":"2026-07-25T15:03:07.33588+07:00"}
{"dur":"0s","id":"167972c9c7d22c95","lvl":"info","msg":"end","pg":"/api/tunnels","status":200,"t":"2026-07-25T15:03:07.33588+07:00"}
{"id":"24e20f644d0bb0b6","lvl":"info","msg":"start","pg":"/api/tunnels","t":"2026-07-25T15:03:08.3473651+07:00"}
{"dur":"0s","id":"24e20f644d0bb0b6","lvl":"info","msg":"end","pg":"/api/tunnels","status":200,"t":"2026-07-25T15:03:08.3473651+07:00"}
{"id":"6da7ca60987c9566","lvl":"info","msg":"start","pg":"/api/tunnels","t":"2026-07-25T15:03:09.3589487+07:00"}
{"dur":"0s","id":"6da7ca60987c9566","lvl":"info","msg":"end","pg":"/api/tunnels","status":200,"t":"2026-07-25T15:03:09.3589487+07:00"}
{"err":"failed to send authentication request: EOF","lvl":"eror","msg":"failed to reconnect session","obj":"tunnels.session","t":"2026-07-25T15:03:09.4077185+07:00"}
{"id":"de60ff4e5b95cff7","lvl":"info","msg":"start","pg":"/api/tunnels","t":"2026-07-25T15:03:10.3801334+07:00"}
{"dur":"0s","id":"de60ff4e5b95cff7","lvl":"info","msg":"end","pg":"/api/tunnels","status":200,"t":"2026-07-25T15:03:10.3801334+07:00"}
{"id":"a2e363776a902e2e","lvl":"info","msg":"start","pg":"/api/tunnels","t":"2026-07-25T15:03:11.3973687+07:00"}
{"dur":"0s","id":"a2e363776a902e2e","lvl":"info","msg":"end","pg":"/api/tunnels","status":200,"t":"2026-07-25T15:03:11.3973687+07:00"}
{"id":"5cd13e7dab453c91","lvl":"info","msg":"start","pg":"/api/tunnels","t":"2026-07-25T15:03:12.4138805+07:00"}
{"dur":"0s","id":"5cd13e7dab453c91","lvl":"info","msg":"end","pg":"/api/tunnels","status":200,"t":"2026-07-25T15:03:12.4138805+07:00"}
{"id":"1d227ae2269e89c8","lvl":"info","msg":"start","pg":"/api/tunnels","t":"2026-07-25T15:03:13.4280979+07:00"}
{"dur":"0s","id":"1d227ae2269e89c8","lvl":"info","msg":"end","pg":"/api/tunnels","status":200,"t":"2026-07-25T15:03:13.4280979+07:00"}
{"id":"2ab6c9ce16545ce9","lvl":"info","msg":"start","pg":"/api/tunnels","t":"2026-07-25T15:03:14.4452772+07:00"}
{"dur":"112µs","id":"2ab6c9ce16545ce9","lvl":"info","msg":"end","pg":"/api/tunnels","status":200,"t":"2026-07-25T15:03:14.4453892+07:00"}
{"id":"d731fdfacb53d72a","lvl":"info","msg":"start","pg":"/api/tunnels","t":"2026-07-25T15:03:15.4615969+07:00"}
{"dur":"0s","id":"d731fdfacb53d72a","lvl":"info","msg":"end","pg":"/api/tunnels","status":200,"t":"2026-07-25T15:03:15.4615969+07:00"}
{"id":"8d5511089eefb6ec","lvl":"info","msg":"start","pg":"/api/tunnels","t":"2026-07-25T15:03:16.4752745+07:00"}
{"dur":"0s","id":"8d5511089eefb6ec","lvl":"info","msg":"end","pg":"/api/tunnels","status":200,"t":"2026-07-25T15:03:16.4752745+07:00"}
{"id":"8cb1eaf62395b802","lvl":"info","msg":"start","pg":"/api/tunnels","t":"2026-07-25T15:03:17.490157+07:00"}
{"dur":"0s","id":"8cb1eaf62395b802","lvl":"info","msg":"end","pg":"/api/tunnels","status":200,"t":"2026-07-25T15:03:17.490157+07:00"}
{"id":"ec27d2e3ef043f91","lvl":"info","msg":"start","pg":"/api/tunnels","t":"2026-07-25T15:03:18.5020244+07:00"}
{"dur":"0s","id":"ec27d2e3ef043f91","lvl":"info","msg":"end","pg":"/api/tunnels","status":200,"t":"2026-07-25T15:03:18.5020244+07:00"}
{"id":"e2e63c48c0fb7601","lvl":"info","msg":"start","pg":"/api/tunnels","t":"2026-07-25T15:03:19.5163969+07:00"}
{"dur":"0s","id":"e2e63c48c0fb7601","lvl":"info","msg":"end","pg":"/api/tunnels","status":200,"t":"2026-07-25T15:03:19.5163969+07:00"}
{"id":"95948faa699c461c","lvl":"info","msg":"start","pg":"/api/tunnels","t":"2026-07-25T15:03:20.5293044+07:00"}
{"dur":"0s","id":"95948faa699c461c","lvl":"info","msg":"end","pg":"/api/tunnels","status":200,"t":"2026-07-25T15:03:20.5293044+07:00"}
{"id":"7bacd4bdd92a47cb","lvl":"info","msg":"start","pg":"/api/tunnels","t":"2026-07-25T15:03:21.5441036+07:00"}
{"dur":"0s","id":"7bacd4bdd92a47cb","lvl":"info","msg":"end","pg":"/api/tunnels","status":200,"t":"2026-07-25T15:03:21.5441036+07:00"}
{"id":"c77c59c17ef6592c","lvl":"info","msg":"start","pg":"/api/tunnels","t":"2026-07-25T15:03:22.5485984+07:00"}
{"dur":"59.9µs","id":"c77c59c17ef6592c","lvl":"info","msg":"end","pg":"/api/tunnels","status":200,"t":"2026-07-25T15:03:22.5486583+07:00"}
{"id":"aeeb4ee6d7a8e991","lvl":"info","msg":"start","pg":"/api/tunnels","t":"2026-07-25T15:03:23.5651154+07:00"}
{"dur":"0s","id":"aeeb4ee6d7a8e991","lvl":"info","msg":"end","pg":"/api/tunnels","status":200,"t":"2026-07-25T15:03:23.5651154+07:00"}
{"id":"db21ad5cde61a8b5","lvl":"info","msg":"start","pg":"/api/tunnels","t":"2026-07-25T15:03:24.5671708+07:00"}
{"dur":"0s","id":"db21ad5cde61a8b5","lvl":"info","msg":"end","pg":"/api/tunnels","status":200,"t":"2026-07-25T15:03:24.5671708+07:00"}
{"id":"dae207aa737563cd","lvl":"info","msg":"start","pg":"/api/tunnels","t":"2026-07-25T15:03:25.5800886+07:00"}
{"dur":"0s","id":"dae207aa737563cd","lvl":"info","msg":"end","pg":"/api/tunnels","status":200,"t":"2026-07-25T15:03:25.5800886+07:00"}
{"id":"8db55e7dd26f60a1","lvl":"info","msg":"start","pg":"/api/tunnels","t":"2026-07-25T15:03:26.5901374+07:00"}
{"dur":"0s","id":"8db55e7dd26f60a1","lvl":"info","msg":"end","pg":"/api/tunnels","status":200,"t":"2026-07-25T15:03:26.5901374+07:00"}
{"err":"failed to send authentication request: EOF","lvl":"eror","msg":"failed to reconnect session","obj":"tunnels.session","t":"2026-07-25T15:03:27.5428551+07:00"}
{"id":"49f65797f4ec9dd2","lvl":"info","msg":"start","pg":"/api/tunnels","t":"2026-07-25T15:03:27.6054312+07:00"}
{"dur":"0s","id":"49f65797f4ec9dd2","lvl":"info","msg":"end","pg":"/api/tunnels","status":200,"t":"2026-07-25T15:03:27.6054312+07:00"}
{"id":"f29f9f83d9c16424","lvl":"info","msg":"start","pg":"/api/tunnels","t":"2026-07-25T15:03:28.6165066+07:00"}
{"dur":"0s","id":"f29f9f83d9c16424","lvl":"info","msg":"end","pg":"/api/tunnels","status":200,"t":"2026-07-25T15:03:28.6165066+07:00"}
{"id":"402f9c0ec8072128","lvl":"info","msg":"start","pg":"/api/tunnels","t":"2026-07-25T15:03:29.6298339+07:00"}
{"dur":"0s","id":"402f9c0ec8072128","lvl":"info","msg":"end","pg":"/api/tunnels","status":200,"t":"2026-07-25T15:03:29.6298339+07:00"}
{"id":"9df8da45a8fb5e9f","lvl":"info","msg":"start","pg":"/api/tunnels","t":"2026-07-25T15:03:30.6438162+07:00"}
{"dur":"0s","id":"9df8da45a8fb5e9f","lvl":"info","msg":"end","pg":"/api/tunnels","status":200,"t":"2026-07-25T15:03:30.6438162+07:00"}
{"id":"4c16257743a6cefb","lvl":"info","msg":"start","pg":"/api/tunnels","t":"2026-07-25T15:03:31.6536495+07:00"}
{"dur":"0s","id":"4c16257743a6cefb","lvl":"info","msg":"end","pg":"/api/tunnels","status":200,"t":"2026-07-25T15:03:31.6536495+07:00"}
{"id":"da22e2da750e05e1","lvl":"info","msg":"start","pg":"/api/tunnels","t":"2026-07-25T15:03:32.656907+07:00"}
{"dur":"0s","id":"da22e2da750e05e1","lvl":"info","msg":"end","pg":"/api/tunnels","status":200,"t":"2026-07-25T15:03:32.656907+07:00"}
{"id":"054fca46c3518e48","lvl":"info","msg":"start","pg":"/api/tunnels","t":"2026-07-25T15:03:33.6743846+07:00"}
{"dur":"0s","id":"054fca46c3518e48","lvl":"info","msg":"end","pg":"/api/tunnels","status":200,"t":"2026-07-25T15:03:33.6743846+07:00"}
{"id":"cf9fa88a176ee5ec","lvl":"info","msg":"start","pg":"/api/tunnels","t":"2026-07-25T15:03:34.6878356+07:00"}
{"dur":"0s","id":"cf9fa88a176ee5ec","lvl":"info","msg":"end","pg":"/api/tunnels","status":200,"t":"2026-07-25T15:03:34.6878356+07:00"}
{"id":"2b72ad5d8984d03f","lvl":"info","msg":"start","pg":"/api/tunnels","t":"2026-07-25T15:03:35.7032948+07:00"}
{"dur":"0s","id":"2b72ad5d8984d03f","lvl":"info","msg":"end","pg":"/api/tunnels","status":200,"t":"2026-07-25T15:03:35.7032948+07:00"}
{"id":"0b254687db43ad87","lvl":"info","msg":"start","pg":"/api/tunnels","t":"2026-07-25T15:03:36.7183513+07:00"}
{"dur":"608.3µs","id":"0b254687db43ad87","lvl":"info","msg":"end","pg":"/api/tunnels","status":200,"t":"2026-07-25T15:03:36.7189596+07:00"}
{"id":"c3240e5da03b08cd","lvl":"info","msg":"start","pg":"/api/tunnels","t":"2026-07-25T15:03:37.7313768+07:00"}
{"dur":"0s","id":"c3240e5da03b08cd","lvl":"info","msg":"end","pg":"/api/tunnels","status":200,"t":"2026-07-25T15:03:37.7313768+07:00"}
{"id":"339593ad3ebf8d86","lvl":"info","msg":"start","pg":"/api/tunnels","t":"2026-07-25T15:03:38.7455817+07:00"}
{"dur":"0s","id":"339593ad3ebf8d86","lvl":"info","msg":"end","pg":"/api/tunnels","status":200,"t":"2026-07-25T15:03:38.7455817+07:00"}
{"id":"cb6ecce98e3ef060","lvl":"info","msg":"start","pg":"/api/tunnels","t":"2026-07-25T15:03:39.7546339+07:00"}
{"dur":"0s","id":"cb6ecce98e3ef060","lvl":"info","msg":"end","pg":"/api/tunnels","status":200,"t":"2026-07-25T15:03:39.7546339+07:00"}
{"id":"49daeb5bde5af5a9","lvl":"info","msg":"start","pg":"/api/tunnels","t":"2026-07-25T15:03:40.7678458+07:00"}
{"dur":"0s","id":"49daeb5bde5af5a9","lvl":"info","msg":"end","pg":"/api/tunnels","status":200,"t":"2026-07-25T15:03:40.7678458+07:00"}
{"id":"7866121aba6f1189","lvl":"info","msg":"start","pg":"/api/tunnels","t":"2026-07-25T15:03:41.7821686+07:00"}
{"dur":"0s","id":"7866121aba6f1189","lvl":"info","msg":"end","pg":"/api/tunnels","status":200,"t":"2026-07-25T15:03:41.7821686+07:00"}
{"id":"4c66842da7cb0f06","lvl":"info","msg":"start","pg":"/api/tunnels","t":"2026-07-25T15:03:42.7955979+07:00"}
{"dur":"665.6µs","id":"4c66842da7cb0f06","lvl":"info","msg":"end","pg":"/api/tunnels","status":200,"t":"2026-07-25T15:03:42.7962635+07:00"}
{"id":"0097efc489fb468e","lvl":"info","msg":"start","pg":"/api/tunnels","t":"2026-07-25T15:03:43.8109544+07:00"}
{"dur":"0s","id":"0097efc489fb468e","lvl":"info","msg":"end","pg":"/api/tunnels","status":200,"t":"2026-07-25T15:03:43.8109544+07:00"}
{"id":"0b2fa1404e69334c","lvl":"info","msg":"start","pg":"/api/tunnels","t":"2026-07-25T15:03:44.8261665+07:00"}
{"dur":"0s","id":"0b2fa1404e69334c","lvl":"info","msg":"end","pg":"/api/tunnels","status":200,"t":"2026-07-25T15:03:44.8261665+07:00"}
{"id":"26666355dc40c830","lvl":"info","msg":"start","pg":"/api/tunnels","t":"2026-07-25T15:03:45.8284262+07:00"}
{"dur":"0s","id":"26666355dc40c830","lvl":"info","msg":"end","pg":"/api/tunnels","status":200,"t":"2026-07-25T15:03:45.8284262+07:00"}
{"id":"1f6324abcd8872fa","lvl":"info","msg":"start","pg":"/api/tunnels","t":"2026-07-25T15:03:46.8450697+07:00"}
{"dur":"0s","id":"1f6324abcd8872fa","lvl":"info","msg":"end","pg":"/api/tunnels","status":200,"t":"2026-07-25T15:03:46.8450697+07:00"}
{"id":"8fe860050a334f35","lvl":"info","msg":"start","pg":"/api/tunnels","t":"2026-07-25T15:03:47.847605+07:00"}
{"dur":"1.0166ms","id":"8fe860050a334f35","lvl":"info","msg":"end","pg":"/api/tunnels","status":200,"t":"2026-07-25T15:03:47.847605+07:00"}
{"id":"9254103948ab7d3c","lvl":"info","msg":"start","pg":"/api/tunnels","t":"2026-07-25T15:03:48.8635628+07:00"}
{"dur":"0s","id":"9254103948ab7d3c","lvl":"info","msg":"end","pg":"/api/tunnels","status":200,"t":"2026-07-25T15:03:48.8635628+07:00"}
{"err":"failed to send authentication request: EOF","lvl":"eror","msg":"failed to reconnect session","obj":"tunnels.session","t":"2026-07-25T15:03:53.7014315+07:00"}
