t=2026-08-05T13:16:00+0700 lvl=info msg="no configuration paths supplied"
t=2026-08-05T13:16:00+0700 lvl=info msg="using configuration at default config path" path=C:\\Users\\ptn_z\\AppData\\Local\\ngrok\\ngrok.yml
t=2026-08-05T13:16:00+0700 lvl=info msg="open config file" path=C:\\Users\\ptn_z\\AppData\\Local\\ngrok\\ngrok.yml err=nil
t=2026-08-05T13:16:00+0700 lvl=info msg="FIPS 140 mode" enabled=false
t=2026-08-05T13:16:01+0700 lvl=info msg="starting web service" obj=web addr=127.0.0.1:4040 allow_hosts=[]
t=2026-08-05T13:16:11+0700 lvl=eror msg="failed to reconnect session" obj=tunnels.session err="failed to send authentication request: EOF"
t=2026-08-05T13:16:20+0700 lvl=info msg=start pg=/api/tunnels id=e608fce716424b66
t=2026-08-05T13:16:20+0700 lvl=info msg=end pg=/api/tunnels id=e608fce716424b66 status=200 dur=0s
t=2026-08-05T13:16:21+0700 lvl=eror msg="failed to reconnect session" obj=tunnels.session err="failed to send authentication request: EOF"
t=2026-08-05T13:16:32+0700 lvl=eror msg="failed to reconnect session" obj=tunnels.session err="failed to send authentication request: EOF"
t=2026-08-05T13:16:45+0700 lvl=eror msg="failed to reconnect session" obj=tunnels.session err="failed to send authentication request: EOF"
t=2026-08-05T13:16:59+0700 lvl=eror msg="failed to reconnect session" obj=tunnels.session err="failed to send authentication request: EOF"
t=2026-08-05T13:17:17+0700 lvl=eror msg="failed to reconnect session" obj=tunnels.session err="failed to send authentication request: EOF"
t=2026-08-05T13:17:43+0700 lvl=eror msg="failed to reconnect session" obj=tunnels.session err="failed to send authentication request: EOF"
t=2026-08-05T13:18:23+0700 lvl=eror msg="failed to reconnect session" obj=tunnels.session err="failed to send authentication request: EOF"
t=2026-08-05T13:19:03+0700 lvl=eror msg="failed to reconnect session" obj=tunnels.session err="failed to send authentication request: EOF"
t=2026-08-05T13:19:43+0700 lvl=eror msg="failed to reconnect session" obj=tunnels.session err="failed to send authentication request: EOF"
t=2026-08-05T13:20:24+0700 lvl=eror msg="failed to reconnect session" obj=tunnels.session err="failed to send authentication request: EOF"
t=2026-08-05T13:21:04+0700 lvl=eror msg="failed to reconnect session" obj=tunnels.session err="failed to send authentication request: EOF"
t=2026-08-05T13:21:44+0700 lvl=eror msg="failed to reconnect session" obj=tunnels.session err="failed to send authentication request: EOF"
t=2026-08-05T13:22:24+0700 lvl=eror msg="failed to reconnect session" obj=tunnels.session err="failed to send authentication request: EOF"
t=2026-08-05T13:23:04+0700 lvl=eror msg="failed to reconnect session" obj=tunnels.session err="failed to send authentication request: EOF"
t=2026-08-05T13:23:44+0700 lvl=eror msg="failed to reconnect session" obj=tunnels.session err="failed to send authentication request: EOF"
t=2026-08-05T13:24:24+0700 lvl=eror msg="failed to reconnect session" obj=tunnels.session err="failed to send authentication request: EOF"
t=2026-08-05T13:25:04+0700 lvl=eror msg="failed to reconnect session" obj=tunnels.session err="failed to send authentication request: EOF"
t=2026-08-05T13:25:45+0700 lvl=eror msg="failed to reconnect session" obj=tunnels.session err="failed to send authentication request: EOF"
t=2026-08-05T13:26:25+0700 lvl=eror msg="failed to reconnect session" obj=tunnels.session err="failed to send authentication request: EOF"
t=2026-08-05T13:27:05+0700 lvl=eror msg="failed to reconnect session" obj=tunnels.session err="failed to send authentication request: EOF"
t=2026-08-05T13:27:45+0700 lvl=eror msg="failed to reconnect session" obj=tunnels.session err="failed to send authentication request: EOF"
t=2026-08-05T13:28:25+0700 lvl=eror msg="failed to reconnect session" obj=tunnels.session err="failed to send authentication request: EOF"
t=2026-08-05T13:29:05+0700 lvl=eror msg="failed to reconnect session" obj=tunnels.session err="failed to send authentication request: EOF"
t=2026-08-05T13:29:45+0700 lvl=eror msg="failed to reconnect session" obj=tunnels.session err="failed to send authentication request: EOF"
t=2026-08-05T13:30:25+0700 lvl=eror msg="failed to reconnect session" obj=tunnels.session err="failed to send authentication request: EOF"
t=2026-08-05T13:31:06+0700 lvl=eror msg="failed to reconnect session" obj=tunnels.session err="failed to send authentication request: EOF"
t=2026-08-05T13:31:46+0700 lvl=eror msg="failed to reconnect session" obj=tunnels.session err="failed to send authentication request: EOF"
t=2026-08-05T13:32:26+0700 lvl=eror msg="failed to reconnect session" obj=tunnels.session err="failed to send authentication request: EOF"
t=2026-08-05T13:33:06+0700 lvl=eror msg="failed to reconnect session" obj=tunnels.session err="failed to send authentication request: EOF"
t=2026-08-05T13:33:46+0700 lvl=eror msg="failed to reconnect session" obj=tunnels.session err="failed to send authentication request: EOF"
t=2026-08-05T13:34:26+0700 lvl=eror msg="failed to reconnect session" obj=tunnels.session err="failed to send authentication request: EOF"
t=2026-08-05T13:35:06+0700 lvl=eror msg="failed to reconnect session" obj=tunnels.session err="failed to send authentication request: EOF"
t=2026-08-05T13:35:46+0700 lvl=eror msg="failed to reconnect session" obj=tunnels.session err="failed to send authentication request: EOF"
t=2026-08-05T13:36:27+0700 lvl=eror msg="failed to reconnect session" obj=tunnels.session err="failed to send authentication request: EOF"
t=2026-08-05T13:37:07+0700 lvl=eror msg="failed to reconnect session" obj=tunnels.session err="failed to send authentication request: EOF"
t=2026-08-05T13:37:47+0700 lvl=eror msg="failed to reconnect session" obj=tunnels.session err="failed to send authentication request: EOF"
t=2026-08-05T13:38:27+0700 lvl=eror msg="failed to reconnect session" obj=tunnels.session err="failed to send authentication request: EOF"
t=2026-08-05T13:39:07+0700 lvl=eror msg="failed to reconnect session" obj=tunnels.session err="failed to send authentication request: EOF"
t=2026-08-05T13:39:47+0700 lvl=eror msg="failed to reconnect session" obj=tunnels.session err="failed to send authentication request: EOF"
t=2026-08-05T13:40:27+0700 lvl=eror msg="failed to reconnect session" obj=tunnels.session err="failed to send authentication request: EOF"
t=2026-08-05T13:41:07+0700 lvl=eror msg="failed to reconnect session" obj=tunnels.session err="failed to send authentication request: EOF"
t=2026-08-05T13:41:48+0700 lvl=eror msg="failed to reconnect session" obj=tunnels.session err="failed to send authentication request: EOF"
t=2026-08-05T13:42:28+0700 lvl=eror msg="failed to reconnect session" obj=tunnels.session err="failed to send authentication request: EOF"
t=2026-08-05T13:43:08+0700 lvl=eror msg="failed to reconnect session" obj=tunnels.session err="failed to send authentication request: EOF"
t=2026-08-05T13:43:48+0700 lvl=eror msg="failed to reconnect session" obj=tunnels.session err="failed to send authentication request: EOF"
t=2026-08-05T13:44:28+0700 lvl=eror msg="failed to reconnect session" obj=tunnels.session err="failed to send authentication request: EOF"
t=2026-08-05T13:45:08+0700 lvl=eror msg="failed to reconnect session" obj=tunnels.session err="failed to send authentication request: EOF"
t=2026-08-05T13:45:23+0700 lvl=info msg=start pg=/api/tunnels id=eb60c4dae49eae18
t=2026-08-05T13:45:23+0700 lvl=info msg=end pg=/api/tunnels id=eb60c4dae49eae18 status=200 dur=0s
t=2026-08-05T13:45:48+0700 lvl=eror msg="failed to reconnect session" obj=tunnels.session err="failed to send authentication request: EOF"
t=2026-08-05T13:46:29+0700 lvl=eror msg="failed to reconnect session" obj=tunnels.session err="failed to send authentication request: EOF"
t=2026-08-05T13:46:29+0700 lvl=info msg=start pg=/api/tunnels id=1dc2b8becd97db5d
t=2026-08-05T13:46:29+0700 lvl=info msg=end pg=/api/tunnels id=1dc2b8becd97db5d status=200 dur=1.6155ms
t=2026-08-05T13:47:09+0700 lvl=eror msg="failed to reconnect session" obj=tunnels.session err="failed to send authentication request: EOF"
t=2026-08-05T13:47:49+0700 lvl=eror msg="failed to reconnect session" obj=tunnels.session err="failed to send authentication request: EOF"
t=2026-08-05T13:48:29+0700 lvl=eror msg="failed to reconnect session" obj=tunnels.session err="failed to send authentication request: EOF"
t=2026-08-05T13:49:09+0700 lvl=eror msg="failed to reconnect session" obj=tunnels.session err="failed to send authentication request: EOF"
t=2026-08-05T13:49:49+0700 lvl=eror msg="failed to reconnect session" obj=tunnels.session err="failed to send authentication request: EOF"
t=2026-08-05T13:50:29+0700 lvl=eror msg="failed to reconnect session" obj=tunnels.session err="failed to send authentication request: EOF"
t=2026-08-05T13:51:09+0700 lvl=eror msg="failed to reconnect session" obj=tunnels.session err="failed to send authentication request: EOF"
t=2026-08-05T13:51:50+0700 lvl=eror msg="failed to reconnect session" obj=tunnels.session err="failed to send authentication request: EOF"
