{"lvl":"info","msg":"Flag --region has been deprecated, ngrok automatically chooses the region with lowest latency","t":"2026-07-25T14:55:46.6127635+07:00"}
{"lvl":"info","msg":"no configuration paths supplied","t":"2026-07-25T14:55:46.6688549+07:00"}
{"legacy_path":"C:\\Users\\ptn_z\\.ngrok2\\ngrok.yml","lvl":"dbug","msg":"ngrok config file at legacy location does not exist","t":"2026-07-25T14:55:46.6688549+07:00"}
{"lvl":"info","msg":"using configuration at default config path","path":"C:\\Users\\ptn_z\\AppData\\Local\\ngrok\\ngrok.yml","t":"2026-07-25T14:55:46.6688549+07:00"}
{"err":"\u003cnil\u003e","lvl":"info","msg":"open config file","path":"C:\\Users\\ptn_z\\AppData\\Local\\ngrok\\ngrok.yml","t":"2026-07-25T14:55:46.6688549+07:00"}
{"enabled":false,"lvl":"info","msg":"FIPS 140 mode","t":"2026-07-25T14:55:46.6699207+07:00"}
{"lvl":"dbug","msg":"starting component","name":"web","obj":"app","t":"2026-07-25T14:55:46.7123171+07:00"}
{"addr":"127.0.0.1:4040","allow_hosts":null,"lvl":"info","msg":"starting web service","obj":"web","t":"2026-07-25T14:55:46.7123171+07:00"}
{"lvl":"dbug","msg":"starting component","name":"consoleui","obj":"app","t":"2026-07-25T14:55:46.7123171+07:00"}
{"lvl":"dbug","msg":"starting component","name":"Tunnel session","obj":"app","t":"2026-07-25T14:55:46.7123171+07:00"}
{"addr":"connect.jp.ngrok-agent.com:443","lvl":"dbug","msg":"connecting to","obj":"tunnels.session","t":"2026-07-25T14:55:46.7123171+07:00"}
{"address":"connect.jp.ngrok-agent.com:443","lvl":"dbug","msg":"dial","network":"tcp","obj":"tunnels.session","t":"2026-07-25T14:55:46.7128342+07:00","timeout":"10s"}
{"lvl":"dbug","msg":"waiting for update","obj":"consoleui","t":"2026-07-25T14:55:46.7128342+07:00"}
{"lvl":"dbug","msg":"Resize event, redrawing","obj":"consoleui","t":"2026-07-25T14:55:46.7128342+07:00"}
{"lvl":"dbug","msg":"Resize event, redrawing","obj":"consoleui","t":"2026-07-25T14:55:46.7128342+07:00"}
{"lvl":"dbug","msg":"waiting for update","obj":"consoleui","t":"2026-07-25T14:55:46.7128342+07:00"}
{"lvl":"dbug","msg":"waiting for update","obj":"consoleui","t":"2026-07-25T14:55:46.7128342+07:00"}
{"lvl":"dbug","msg":"waiting for update","obj":"consoleui","t":"2026-07-25T14:55:47.7020244+07:00"}
{"lvl":"dbug","msg":"waiting for update","obj":"consoleui","t":"2026-07-25T14:55:48.7028277+07:00"}
{"lvl":"dbug","msg":"waiting for update","obj":"consoleui","t":"2026-07-25T14:55:49.702236+07:00"}
{"lvl":"dbug","msg":"waiting for update","obj":"consoleui","t":"2026-07-25T14:55:50.7023762+07:00"}
{"lvl":"dbug","msg":"waiting for update","obj":"consoleui","t":"2026-07-25T14:55:51.702105+07:00"}
{"lvl":"dbug","msg":"waiting for update","obj":"consoleui","t":"2026-07-25T14:55:52.7020346+07:00"}
{"lvl":"dbug","msg":"waiting for update","obj":"consoleui","t":"2026-07-25T14:55:53.7026358+07:00"}
{"lvl":"dbug","msg":"waiting for update","obj":"consoleui","t":"2026-07-25T14:55:54.7018026+07:00"}
{"lvl":"dbug","msg":"waiting for update","obj":"consoleui","t":"2026-07-25T14:55:55.7051204+07:00"}
{"lvl":"dbug","msg":"waiting for update","obj":"consoleui","t":"2026-07-25T14:55:56.7107914+07:00"}
{"err":"EOF","id":"78f860adc63d","lvl":"dbug","msg":"open stream","obj":"csess","reqtype":0,"t":"2026-07-25T14:55:56.8976796+07:00"}
{"err":"failed to send authentication request: EOF","lvl":"eror","msg":"failed to reconnect session","obj":"tunnels.session","t":"2026-07-25T14:55:56.8976796+07:00"}
{"lvl":"dbug","msg":"sleep before reconnect","obj":"tunnels.session","secs":0,"t":"2026-07-25T14:55:56.8976796+07:00"}
{"err":"failed to send authentication request: EOF","lvl":"dbug","msg":"disconnect","obj":"tunnels.session","sess":{},"t":"2026-07-25T14:55:56.8976796+07:00"}
{"address":"connect.jp.ngrok-agent.com:443","lvl":"dbug","msg":"dial","network":"tcp","obj":"tunnels.session","t":"2026-07-25T14:55:57.3990723+07:00","timeout":"10s"}
{"lvl":"dbug","msg":"waiting for update","obj":"consoleui","t":"2026-07-25T14:55:57.7019837+07:00"}
{"lvl":"dbug","msg":"waiting for update","obj":"consoleui","t":"2026-07-25T14:55:58.7024872+07:00"}
{"lvl":"dbug","msg":"waiting for update","obj":"consoleui","t":"2026-07-25T14:55:59.702002+07:00"}
{"lvl":"dbug","msg":"waiting for update","obj":"consoleui","t":"2026-07-25T14:56:00.7025162+07:00"}
{"lvl":"dbug","msg":"waiting for update","obj":"consoleui","t":"2026-07-25T14:56:01.7025801+07:00"}
{"lvl":"dbug","msg":"waiting for update","obj":"consoleui","t":"2026-07-25T14:56:02.7024246+07:00"}
{"lvl":"dbug","msg":"waiting for update","obj":"consoleui","t":"2026-07-25T14:56:03.701786+07:00"}
{"lvl":"dbug","msg":"waiting for update","obj":"consoleui","t":"2026-07-25T14:56:04.7020424+07:00"}
{"lvl":"dbug","msg":"waiting for update","obj":"consoleui","t":"2026-07-25T14:56:05.7019663+07:00"}
{"lvl":"dbug","msg":"waiting for update","obj":"consoleui","t":"2026-07-25T14:56:06.7097451+07:00"}
{"err":"EOF","id":"63be3cdcc915","lvl":"dbug","msg":"open stream","obj":"csess","reqtype":0,"t":"2026-07-25T14:56:07.5534329+07:00"}
{"err":"failed to send authentication request: EOF","lvl":"eror","msg":"failed to reconnect session","obj":"tunnels.session","t":"2026-07-25T14:56:07.5534329+07:00"}
{"lvl":"dbug","msg":"sleep before reconnect","obj":"tunnels.session","secs":1,"t":"2026-07-25T14:56:07.5534329+07:00"}
{"err":"failed to send authentication request: EOF","lvl":"dbug","msg":"disconnect","obj":"tunnels.session","sess":{},"t":"2026-07-25T14:56:07.5534329+07:00"}
{"lvl":"dbug","msg":"waiting for update","obj":"consoleui","t":"2026-07-25T14:56:07.7023539+07:00"}
{"address":"connect.jp.ngrok-agent.com:443","lvl":"dbug","msg":"dial","network":"tcp","obj":"tunnels.session","t":"2026-07-25T14:56:08.554167+07:00","timeout":"10s"}
{"lvl":"dbug","msg":"waiting for update","obj":"consoleui","t":"2026-07-25T14:56:08.7026058+07:00"}
{"lvl":"dbug","msg":"waiting for update","obj":"consoleui","t":"2026-07-25T14:56:09.7035732+07:00"}
{"lvl":"dbug","msg":"waiting for update","obj":"consoleui","t":"2026-07-25T14:56:10.702034+07:00"}
{"lvl":"dbug","msg":"waiting for update","obj":"consoleui","t":"2026-07-25T14:56:11.7020938+07:00"}
{"lvl":"dbug","msg":"waiting for update","obj":"consoleui","t":"2026-07-25T14:56:12.7022184+07:00"}
{"lvl":"dbug","msg":"waiting for update","obj":"consoleui","t":"2026-07-25T14:56:13.7025902+07:00"}
{"lvl":"dbug","msg":"waiting for update","obj":"consoleui","t":"2026-07-25T14:56:14.7023413+07:00"}
{"lvl":"dbug","msg":"waiting for update","obj":"consoleui","t":"2026-07-25T14:56:15.7020359+07:00"}
{"lvl":"dbug","msg":"waiting for update","obj":"consoleui","t":"2026-07-25T14:56:16.702112+07:00"}
{"lvl":"dbug","msg":"waiting for update","obj":"consoleui","t":"2026-07-25T14:56:17.7019644+07:00"}
{"lvl":"dbug","msg":"waiting for update","obj":"consoleui","t":"2026-07-25T14:56:18.701656+07:00"}
{"err":"EOF","id":"d6306a67771c","lvl":"dbug","msg":"open stream","obj":"csess","reqtype":0,"t":"2026-07-25T14:56:18.7986436+07:00"}
{"err":"failed to send authentication request: EOF","lvl":"eror","msg":"failed to reconnect session","obj":"tunnels.session","t":"2026-07-25T14:56:18.7986436+07:00"}
{"lvl":"dbug","msg":"sleep before reconnect","obj":"tunnels.session","secs":2,"t":"2026-07-25T14:56:18.7986436+07:00"}
{"err":"failed to send authentication request: EOF","lvl":"dbug","msg":"disconnect","obj":"tunnels.session","sess":{},"t":"2026-07-25T14:56:18.7986436+07:00"}
{"lvl":"dbug","msg":"waiting for update","obj":"consoleui","t":"2026-07-25T14:56:19.7019008+07:00"}
{"lvl":"dbug","msg":"waiting for update","obj":"consoleui","t":"2026-07-25T14:56:20.702151+07:00"}
{"address":"connect.jp.ngrok-agent.com:443","lvl":"dbug","msg":"dial","network":"tcp","obj":"tunnels.session","t":"2026-07-25T14:56:20.7993666+07:00","timeout":"10s"}
{"lvl":"dbug","msg":"waiting for update","obj":"consoleui","t":"2026-07-25T14:56:21.7021532+07:00"}
